Traceback (most recent call last):
  File "/Users/kumarsunilverma/Desktop/sd-rankjee2026/manage.py", line 22, in <module>
    main()
  File "/Users/kumarsunilverma/Desktop/sd-rankjee2026/manage.py", line 18, in main
    execute_from_command_line(sys.argv)
  File "/Users/kumarsunilverma/Desktop/sd-rankjee2026/venv/lib/python3.12/site-packages/django/core/management/__init__.py", line 442, in execute_from_command_line
    utility.execute()
  File "/Users/kumarsunilverma/Desktop/sd-rankjee2026/venv/lib/python3.12/site-packages/django/core/management/__init__.py", line 436, in execute
    self.fetch_command(subcommand).run_from_argv(self.argv)
  File "/Users/kumarsunilverma/Desktop/sd-rankjee2026/venv/lib/python3.12/site-packages/django/core/management/base.py", line 413, in run_from_argv
    self.execute(*args, **cmd_options)
  File "/Users/kumarsunilverma/Desktop/sd-rankjee2026/venv/lib/python3.12/site-packages/django/core/management/base.py", line 459, in execute
    output = self.handle(*args, **options)
             ^^^^^^^^^^^^^^^^^^^^^^^^^^^^^
  File "/Users/kumarsunilverma/Desktop/sd-rankjee2026/venv/lib/python3.12/site-packages/django/core/management/commands/check.py", line 76, in handle
    self.check(
  File "/Users/kumarsunilverma/Desktop/sd-rankjee2026/venv/lib/python3.12/site-packages/django/core/management/base.py", line 486, in check
    all_issues = checks.run_checks(
                 ^^^^^^^^^^^^^^^^^^
  File "/Users/kumarsunilverma/Desktop/sd-rankjee2026/venv/lib/python3.12/site-packages/django/core/checks/registry.py", line 88, in run_checks
    new_errors = check(app_configs=app_configs, databases=databases)
                 ^^^^^^^^^^^^^^^^^^^^^^^^^^^^^^^^^^^^^^^^^^^^^^^^^^^
  File "/Users/kumarsunilverma/Desktop/sd-rankjee2026/venv/lib/python3.12/site-packages/django/core/checks/urls.py", line 14, in check_url_config
    return check_resolver(resolver)
           ^^^^^^^^^^^^^^^^^^^^^^^^
  File "/Users/kumarsunilverma/Desktop/sd-rankjee2026/venv/lib/python3.12/site-packages/django/core/checks/urls.py", line 24, in check_resolver
    return check_method()
           ^^^^^^^^^^^^^^
  File "/Users/kumarsunilverma/Desktop/sd-rankjee2026/venv/lib/python3.12/site-packages/django/urls/resolvers.py", line 519, in check
    for pattern in self.url_patterns:
                   ^^^^^^^^^^^^^^^^^
  File "/Users/kumarsunilverma/Desktop/sd-rankjee2026/venv/lib/python3.12/site-packages/django/utils/functional.py", line 47, in __get__
    res = instance.__dict__[self.name] = self.func(instance)
                                         ^^^^^^^^^^^^^^^^^^^
  File "/Users/kumarsunilverma/Desktop/sd-rankjee2026/venv/lib/python3.12/site-packages/django/urls/resolvers.py", line 738, in url_patterns
    patterns = getattr(self.urlconf_module, "urlpatterns", self.urlconf_module)
                       ^^^^^^^^^^^^^^^^^^^
  File "/Users/kumarsunilverma/Desktop/sd-rankjee2026/venv/lib/python3.12/site-packages/django/utils/functional.py", line 47, in __get__
    res = instance.__dict__[self.name] = self.func(instance)
                                         ^^^^^^^^^^^^^^^^^^^
  File "/Users/kumarsunilverma/Desktop/sd-rankjee2026/venv/lib/python3.12/site-packages/django/urls/resolvers.py", line 731, in urlconf_module
    return import_module(self.urlconf_name)
           ^^^^^^^^^^^^^^^^^^^^^^^^^^^^^^^^
  File "/Library/Frameworks/Python.framework/Versions/3.12/lib/python3.12/importlib/__init__.py", line 90, in import_module
    return _bootstrap._gcd_import(name[level:], package, level)
           ^^^^^^^^^^^^^^^^^^^^^^^^^^^^^^^^^^^^^^^^^^^^^^^^^^^^
  File "<frozen importlib._bootstrap>", line 1387, in _gcd_import
  File "<frozen importlib._bootstrap>", line 1360, in _find_and_load
  File "<frozen importlib._bootstrap>", line 1331, in _find_and_load_unlocked
  File "<frozen importlib._bootstrap>", line 935, in _load_unlocked
  File "<frozen importlib._bootstrap_external>", line 999, in exec_module
  File "<frozen importlib._bootstrap>", line 488, in _call_with_frames_removed
  File "/Users/kumarsunilverma/Desktop/sd-rankjee2026/config/urls.py", line 22, in <module>
    path('admin/', include('dashboard.urls')), # custom dashboard
                   ^^^^^^^^^^^^^^^^^^^^^^^^^
  File "/Users/kumarsunilverma/Desktop/sd-rankjee2026/venv/lib/python3.12/site-packages/django/urls/conf.py", line 39, in include
    urlconf_module = import_module(urlconf_module)
                     ^^^^^^^^^^^^^^^^^^^^^^^^^^^^^
  File "/Library/Frameworks/Python.framework/Versions/3.12/lib/python3.12/importlib/__init__.py", line 90, in import_module
    return _bootstrap._gcd_import(name[level:], package, level)
           ^^^^^^^^^^^^^^^^^^^^^^^^^^^^^^^^^^^^^^^^^^^^^^^^^^^^
  File "<frozen importlib._bootstrap>", line 1387, in _gcd_import
  File "<frozen importlib._bootstrap>", line 1360, in _find_and_load
  File "<frozen importlib._bootstrap>", line 1331, in _find_and_load_unlocked
  File "<frozen importlib._bootstrap>", line 935, in _load_unlocked
  File "<frozen importlib._bootstrap_external>", line 999, in exec_module
  File "<frozen importlib._bootstrap>", line 488, in _call_with_frames_removed
  File "/Users/kumarsunilverma/Desktop/sd-rankjee2026/dashboard/urls.py", line 2, in <module>
    from . import views
  File "/Users/kumarsunilverma/Desktop/sd-rankjee2026/dashboard/views.py", line 2, in <module>
    from django.contrib.auth.decorators import login_range, login_required
ImportError: cannot import name 'login_range' from 'django.contrib.auth.decorators' (/Users/kumarsunilverma/Desktop/sd-rankjee2026/venv/lib/python3.12/site-packages/django/contrib/auth/decorators.py)
